============================= test session starts =============================
platform win32 -- Python 3.14.6, pytest-9.1.1, pluggy-1.6.0 -- C:\Python314\python.exe
cachedir: .pytest_cache
rootdir: C:\Users\Flo\Desktop\energyradar
plugins: anyio-4.14.2
collecting ... collected 77 items / 2 errors

=================================== ERRORS ====================================
____________________ ERROR collecting tests/test_backup.py ____________________
ImportError while importing test module 'C:\Users\Flo\Desktop\energyradar\tests\test_backup.py'.
Hint: make sure your test modules/packages have valid Python names.
Traceback:
C:\Python314\Lib\importlib\__init__.py:88: in import_module
    return _bootstrap._gcd_import(name[level:], package, level)
           ^^^^^^^^^^^^^^^^^^^^^^^^^^^^^^^^^^^^^^^^^^^^^^^^^^^^
tests\test_backup.py:10: in <module>
    from services.backup import BackupManager
E   ImportError: cannot import name 'BackupManager' from 'services.backup' (C:\Users\Flo\Desktop\energyradar\energyradar\services\backup.py)
____________________ ERROR collecting tests/test_export.py ____________________
ImportError while importing test module 'C:\Users\Flo\Desktop\energyradar\tests\test_export.py'.
Hint: make sure your test modules/packages have valid Python names.
Traceback:
C:\Python314\Lib\importlib\__init__.py:88: in import_module
    return _bootstrap._gcd_import(name[level:], package, level)
           ^^^^^^^^^^^^^^^^^^^^^^^^^^^^^^^^^^^^^^^^^^^^^^^^^^^^
tests\test_export.py:9: in <module>
    from services.export import ExportManager
E   ImportError: cannot import name 'ExportManager' from 'services.export' (C:\Users\Flo\Desktop\energyradar\energyradar\services\export.py)
=========================== short test summary info ===========================
ERROR tests/test_backup.py
ERROR tests/test_export.py
!!!!!!!!!!!!!!!!!!! Interrupted: 2 errors during collection !!!!!!!!!!!!!!!!!!!
============================== 2 errors in 2.82s ==============================
